[ExprTypesVisitor - 28]: Expression yielded type boolean where number was expected.
[ExprTypesVisitor - 29]: Expression yielded type boolean where number was expected.
[ExprTypesVisitor - 30]: Expression yielded type int[] where number was expected.
[ExprTypesVisitor - 32]: Expression yielded type double where int was expected.
[ExprTypesVisitor - 33]: Expression yielded type double where int was expected.
[ExprTypesVisitor - 34]: Expression yielded type double where int was expected.
