[ExprTypesVisitor - 46]: Expression yielded type boolean where number was expected.
[ExprTypesVisitor - 46]: Expression yielded type int where boolean was expected.
[ExprTypesVisitor - 47]: Expression yielded type boolean where int was expected.
[ExprTypesVisitor - 47]: Expression yielded type boolean where int was expected.
[ExprTypesVisitor - 48]: Expression yielded type boolean where int was expected.
[ExprTypesVisitor - 48]: Expression yielded type boolean where number was expected.
[ExprTypesVisitor - 49]: Expression yielded type double where int was expected.
[ExprTypesVisitor - 50]: Expression yielded type boolean where number was expected.
[ExprTypesVisitor - 50]: Expression yielded type double where boolean was expected.
[ExprTypesVisitor - 51]: Expression yielded type int where double was expected.
[ExprTypesVisitor - 51]: Expression yielded type boolean where number was expected.
[ExprTypesVisitor - 51]: Expression yielded type int where boolean was expected.
[ExprTypesVisitor - 51]: Expression yielded type int where double was expected.
[ExprTypesVisitor - 54]: Expression yielded type boolean where number was expected.
[ExprTypesVisitor - 54]: Expression yielded type int where boolean was expected.
[ExprTypesVisitor - 55]: Expression yielded type boolean where int was expected.
[ExprTypesVisitor - 56]: Expression yielded type boolean where number was expected.
[ExprTypesVisitor - 57]: Expression yielded type double where int was expected.
[ExprTypesVisitor - 58]: Expression yielded type boolean where number was expected.
[ExprTypesVisitor - 58]: Expression yielded type double where boolean was expected.
[ExprTypesVisitor - 59]: Expression yielded type int where double was expected.
[ExprTypesVisitor - 59]: Expression yielded type boolean where number was expected.
[ExprTypesVisitor - 59]: Expression yielded type int where boolean was expected.
[ExprTypesVisitor - 59]: Expression yielded type int where double was expected.
[ExprTypesVisitor - 63]: Expression yielded type boolean where int was expected.
[ExprTypesVisitor - 64]: Expression yielded type boolean where number was expected.
[ExprTypesVisitor - 64]: Expression yielded type int where boolean was expected.
[ExprTypesVisitor - 65]: Expression yielded type double where int was expected.
[ExprTypesVisitor - 66]: Expression yielded type boolean where number was expected.
[ExprTypesVisitor - 66]: Expression yielded type double where boolean was expected.
[ExprTypesVisitor - 67]: Expression yielded type int where double was expected.
[ExprTypesVisitor - 67]: Expression yielded type boolean where number was expected.
[ExprTypesVisitor - 67]: Expression yielded type int where boolean was expected.
[ExprTypesVisitor - 67]: Expression yielded type int where double was expected.
