class Foo {
  public static void main(String[] args) {
    System.out.println(((5 + (4 * 3)) - 1));
  }
}
class Bar extends Nothing {
  public int bar(Baz f, Bar b) {
    a[i] = (bar.x() + foo.y());
    a[i] = ((b[i] + c[i]) + foo[i].y());
    a[i] = ((bar.x() + q.length) - foo.y());
    return 5;
  }
}
