[GlobalSymbolTable]: Class a is part of an inheritance cycle
[GlobalSymbolTable]: Class b is part of an inheritance cycle
[GlobalSymbolTable]: Class c is part of an inheritance cycle
[GlobalSymbolTable]: Class d is part of an inheritance cycle
[GlobalSymbolTable]: Class e is part of an inheritance cycle
